
> sistema_recursos_humanos_back@1.0.0 start
> node index.js

◇ injected env (9) from .env // tip: ⌘ custom filepath { path: '/custom/path/.env' }
◇ injected env (0) from .env // tip: ◈ encrypted .env [www.dotenvx.com]
=================================
 SGHR v1.0.0 - CENFFOR
 Server on porta 8080
=================================
 Conectado com sucesso ao banco!
 A executar migracoes da base de dados...
 Tabelas sincronizadas.
 Tabela 'utilizadores_perfis' garantida!
 Coluna 'permissoes' de perfis convertida para JSON!
 Tabela 'ocorrencias_disciplinares' garantida!
 Coluna 'nome_completo' alterada em colaboradores!
 Coluna 'funcao' alterada em seccoes_colaboradores!
 Migracoes concluidas com sucesso!
 conexao com BD estabelecida!
 a verificar colunas na BD...
 Coluna 'nome_completo' alterada para NULL!
 Coluna 'funcao' de seccoes_colaboradores alterada para texto livre!
 A sincronizar dados iniciais...
 Seed concluido com sucesso!
 GET /api/notificacoes
[0mGET /api/notificacoes [36m304[0m 33.761 ms - -[0m
 POST /auth/login
[0mPOST /auth/login [32m200[0m 398.439 ms - 11118[0m
 GET /api/notificacoes
 GET /api/colaboradores?limit=1
 GET /api/contratos?limit=1
 GET /api/departamentos?limit=1
 GET /api/ferias?limit=1
 GET /api/departamentos?limit=100
[0mGET /api/colaboradores?limit=1 [33m403[0m 56.411 ms - 156[0m
 GET /api/contratos?limit=100
[0mGET /api/contratos?limit=1 [36m304[0m 111.084 ms - -[0m
[0mGET /api/departamentos?limit=1 [36m304[0m 112.554 ms - -[0m
 GET /api/colaboradores?limit=1
[0mGET /api/colaboradores?limit=1 [33m403[0m 14.135 ms - 156[0m
[0mGET /api/ferias?limit=1 [36m304[0m 121.633 ms - -[0m
[0mGET /api/departamentos?limit=100 [36m304[0m 116.355 ms - -[0m
[0mGET /api/notificacoes [32m200[0m 170.728 ms - 91[0m
 GET /api/contratos?limit=1
[0mGET /api/contratos?limit=100 [36m304[0m 61.411 ms - -[0m
 GET /api/departamentos?limit=1
 GET /api/ferias?limit=1
 GET /api/departamentos?limit=100
 GET /api/notificacoes
 GET /api/contratos?limit=100
[0mGET /api/contratos?limit=1 [36m304[0m 79.049 ms - -[0m
[0mGET /api/departamentos?limit=1 [36m304[0m 68.376 ms - -[0m
[0mGET /api/ferias?limit=1 [36m304[0m 66.732 ms - -[0m
[0mGET /api/contratos?limit=100 [36m304[0m 52.921 ms - -[0m
[0mGET /api/departamentos?limit=100 [36m304[0m 71.942 ms - -[0m
[0mGET /api/notificacoes [36m304[0m 73.992 ms - -[0m
 GET /api/portal/stats
[0mGET /api/portal/stats [32m200[0m 43.377 ms - 3063[0m
 GET /api/portal/stats
[0mGET /api/portal/stats [36m304[0m 27.008 ms - -[0m
 GET /api/notificacoes
[0mGET /api/notificacoes [36m304[0m 11.319 ms - -[0m
 GET /api/colaboradores?limit=1
 GET /api/contratos?limit=1
 GET /api/departamentos?limit=1
 GET /api/ferias?limit=1
[0mGET /api/colaboradores?limit=1 [33m403[0m 28.650 ms - 156[0m
 GET /api/departamentos?limit=100
 GET /api/contratos?limit=100
 GET /api/colaboradores?limit=1
[0mGET /api/departamentos?limit=1 [36m304[0m 64.575 ms - -[0m
[0mGET /api/colaboradores?limit=1 [33m403[0m 14.750 ms - 156[0m
[0mGET /api/contratos?limit=1 [36m304[0m 84.450 ms - -[0m
[0mGET /api/ferias?limit=1 [36m304[0m 73.593 ms - -[0m
 GET /api/departamentos?limit=1
[0mGET /api/departamentos?limit=100 [36m304[0m 69.150 ms - -[0m
[0mGET /api/contratos?limit=100 [36m304[0m 63.987 ms - -[0m
 GET /api/contratos?limit=1
 GET /api/ferias?limit=1
 GET /api/departamentos?limit=100
 GET /api/contratos?limit=100
[0mGET /api/departamentos?limit=1 [36m304[0m 50.355 ms - -[0m
[0mGET /api/contratos?limit=1 [36m304[0m 53.813 ms - -[0m
[0mGET /api/ferias?limit=1 [36m304[0m 50.784 ms - -[0m
[0mGET /api/departamentos?limit=100 [36m304[0m 43.683 ms - -[0m
[0mGET /api/contratos?limit=100 [36m304[0m 40.771 ms - -[0m
 POST /auth/login
[0mPOST /auth/login [32m200[0m 378.994 ms - 10516[0m
 GET /api/perfis
[0mGET /api/perfis [32m200[0m 25.431 ms - 5090[0m
 GET /api/users?limit=50&search=TITO
[0mGET /api/users?limit=50&search=TITO [32m200[0m 14.399 ms - 624[0m
 PUT /api/users/c61af61a-e80c-4073-add5-5ea986584e5c
[0mPUT /api/users/c61af61a-e80c-4073-add5-5ea986584e5c [32m200[0m 17.991 ms - 949[0m
 GET /api/users/c61af61a-e80c-4073-add5-5ea986584e5c
[0mGET /api/users/c61af61a-e80c-4073-add5-5ea986584e5c [32m200[0m 11.983 ms - 1463[0m
 GET /api/ferias?page=1&limit=15
 GET /api/colaboradores?limit=200
[0mGET /api/colaboradores?limit=200 [33m403[0m 13.943 ms - 156[0m
[0mGET /api/ferias?page=1&limit=15 [32m200[0m 23.466 ms - 77[0m
 GET /api/colaboradores?limit=200
 GET /api/ferias?page=1&limit=15
[0mGET /api/colaboradores?limit=200 [33m403[0m 20.776 ms - 156[0m
[0mGET /api/ferias?page=1&limit=15 [36m304[0m 22.392 ms - -[0m
 POST /auth/login
[0mPOST /auth/login [32m200[0m 437.791 ms - 10516[0m
 GET /api/users?limit=50&search=TITO
[0mGET /api/users?limit=50&search=TITO [32m200[0m 9.825 ms - 624[0m
 GET /api/users/c61af61a-e80c-4073-add5-5ea986584e5c
[0mGET /api/users/c61af61a-e80c-4073-add5-5ea986584e5c [32m200[0m 9.529 ms - 1463[0m
 GET /api/colaboradores?limit=1
 GET /api/contratos?limit=1
[0mGET /api/colaboradores?limit=1 [33m403[0m 19.490 ms - 156[0m
 GET /api/departamentos?limit=1
 GET /api/ferias?limit=1
 GET /api/departamentos?limit=100
 GET /api/contratos?limit=100
 GET /api/colaboradores?limit=1
[0mGET /api/contratos?limit=1 [36m304[0m 63.354 ms - -[0m
[0mGET /api/departamentos?limit=1 [36m304[0m 65.574 ms - -[0m
[0mGET /api/colaboradores?limit=1 [33m403[0m 41.344 ms - 156[0m
 GET /api/contratos?limit=1
[0mGET /api/ferias?limit=1 [36m304[0m 67.012 ms - -[0m
 GET /api/departamentos?limit=1
[0mGET /api/departamentos?limit=100 [36m304[0m 67.500 ms - -[0m
[0mGET /api/contratos?limit=100 [36m304[0m 65.412 ms - -[0m
 GET /api/ferias?limit=1
 GET /api/departamentos?limit=100
 GET /api/contratos?limit=100
[0mGET /api/contratos?limit=1 [36m304[0m 83.696 ms - -[0m
[0mGET /api/departamentos?limit=1 [36m304[0m 92.750 ms - -[0m
[0mGET /api/contratos?limit=100 [36m304[0m 38.566 ms - -[0m
[0mGET /api/ferias?limit=1 [36m304[0m 56.858 ms - -[0m
[0mGET /api/departamentos?limit=100 [36m304[0m 45.960 ms - -[0m
 GET /api/notificacoes
[0mGET /api/notificacoes [36m304[0m 6.699 ms - -[0m
 GET /api/colaboradores?limit=200
 GET /api/folha-salarial/vencimentos?page=1&limit=15
[0mGET /api/colaboradores?limit=200 [33m403[0m 15.911 ms - 156[0m
 GET /api/colaboradores?limit=200
[0mGET /api/folha-salarial/vencimentos?page=1&limit=15 [36m304[0m 36.238 ms - -[0m
[0mGET /api/colaboradores?limit=200 [33m403[0m 14.881 ms - 156[0m
 GET /api/folha-salarial/vencimentos?page=1&limit=15
[0mGET /api/folha-salarial/vencimentos?page=1&limit=15 [36m304[0m 17.530 ms - -[0m
 POST /auth/login
 GET /api/folha-salarial/pagamentos?page=1&limit=15
[0mGET /api/folha-salarial/pagamentos?page=1&limit=15 [36m304[0m 94.635 ms - -[0m
[0mPOST /auth/login [32m200[0m 406.694 ms - 11118[0m
 GET /api/colaboradores?limit=1
 GET /api/contratos?limit=1
 GET /api/departamentos?limit=1
 GET /api/ferias?limit=1
 GET /api/departamentos?limit=100
 GET /api/contratos?limit=100
[0mGET /api/colaboradores?limit=1 [33m403[0m 23.309 ms - 156[0m
[0mGET /api/departamentos?limit=1 [36m304[0m 49.520 ms - -[0m
 GET /api/colaboradores?limit=1
[0mGET /api/contratos?limit=1 [36m304[0m 58.728 ms - -[0m
[0mGET /api/ferias?limit=1 [36m304[0m 58.155 ms - -[0m
[0mGET /api/departamentos?limit=100 [36m304[0m 53.380 ms - -[0m
 GET /api/departamentos?limit=1
[0mGET /api/colaboradores?limit=1 [33m403[0m 14.390 ms - 156[0m
[0mGET /api/contratos?limit=100 [36m304[0m 60.585 ms - -[0m
 GET /api/contratos?limit=1
 GET /api/ferias?limit=1
 GET /api/departamentos?limit=100
 GET /api/contratos?limit=100
[0mGET /api/departamentos?limit=1 [36m304[0m 42.547 ms - -[0m
[0mGET /api/contratos?limit=1 [36m304[0m 35.580 ms - -[0m
[0mGET /api/ferias?limit=1 [36m304[0m 33.369 ms - -[0m
[0mGET /api/departamentos?limit=100 [36m304[0m 36.664 ms - -[0m
[0mGET /api/contratos?limit=100 [36m304[0m 29.377 ms - -[0m
 GET /api/colaboradores?limit=1
 GET /auth/profile
[0mGET /api/colaboradores?limit=1 [33m403[0m 14.027 ms - 156[0m
 GET /api/colaboradores?limit=1
[0mGET /auth/profile [32m200[0m 27.776 ms - 10530[0m
[0mGET /api/colaboradores?limit=1 [33m403[0m 25.073 ms - 156[0m
 GET /auth/profile
[0mGET /auth/profile [36m304[0m 11.846 ms - -[0m
 GET /api/colaboradores?limit=1
 GET /api/contratos?limit=1
 GET /api/departamentos?limit=1
 GET /api/ferias?limit=1
 GET /api/departamentos?limit=100
 GET /api/contratos?limit=100
[0mGET /api/colaboradores?limit=1 [33m403[0m 47.005 ms - 156[0m
 GET /api/colaboradores?limit=1
[0mGET /api/contratos?limit=1 [36m304[0m 88.981 ms - -[0m
[0mGET /api/departamentos?limit=1 [36m304[0m 88.217 ms - -[0m
[0mGET /api/ferias?limit=1 [36m304[0m 83.836 ms - -[0m
[0mGET /api/contratos?limit=100 [36m304[0m 71.095 ms - -[0m
 GET /api/contratos?limit=1
 GET /api/departamentos?limit=1
[0mGET /api/departamentos?limit=100 [36m304[0m 90.932 ms - -[0m
[0mGET /api/colaboradores?limit=1 [33m403[0m 37.746 ms - 156[0m
 GET /api/ferias?limit=1
 GET /api/contratos?limit=100
 GET /api/departamentos?limit=100
[0mGET /api/contratos?limit=1 [36m304[0m 68.534 ms - -[0m
[0mGET /api/departamentos?limit=1 [36m304[0m 77.725 ms - -[0m
[0mGET /api/ferias?limit=1 [36m304[0m 75.668 ms - -[0m
[0mGET /api/contratos?limit=100 [36m304[0m 72.456 ms - -[0m
[0mGET /api/departamentos?limit=100 [36m304[0m 54.639 ms - -[0m
 POST /auth/login
[0mPOST /auth/login [32m200[0m 385.450 ms - 10516[0m
 GET /api/users?limit=50&search=ALFREDO
[0mGET /api/users?limit=50&search=ALFREDO [32m200[0m 14.520 ms - 563[0m
 POST /auth/login
[0mPOST /auth/login [32m200[0m 354.828 ms - 10605[0m
 GET /api/perfis/stats
[0mGET /api/perfis/stats [33m404[0m 7.723 ms - 34[0m
 GET /api/notificacoes
[0mGET /api/notificacoes [36m304[0m 10.040 ms - -[0m
 GET /api/portal/stats
[0mGET /api/portal/stats [36m304[0m 46.181 ms - -[0m
 GET /api/portal/stats
[0mGET /api/portal/stats [36m304[0m 29.842 ms - -[0m
 GET /api/colaboradores?limit=1
 GET /api/contratos?limit=1
 GET /api/departamentos?limit=1
[0mGET /api/colaboradores?limit=1 [33m403[0m 20.278 ms - 156[0m
 GET /api/ferias?limit=1
 GET /api/departamentos?limit=100
 GET /api/contratos?limit=100
 GET /api/colaboradores?limit=1
[0mGET /api/departamentos?limit=1 [36m304[0m 51.777 ms - -[0m
[0mGET /api/colaboradores?limit=1 [33m403[0m 20.932 ms - 156[0m
[0mGET /api/departamentos?limit=100 [36m304[0m 42.803 ms - -[0m
[0mGET /api/contratos?limit=1 [36m304[0m 66.467 ms - -[0m
[0mGET /api/ferias?limit=1 [36m304[0m 55.057 ms - -[0m
 GET /api/departamentos?limit=1
[0mGET /api/contratos?limit=100 [36m304[0m 53.414 ms - -[0m
 GET /api/departamentos?limit=100
 GET /api/contratos?limit=1
 GET /api/ferias?limit=1
 GET /api/contratos?limit=100
[0mGET /api/departamentos?limit=1 [36m304[0m 41.592 ms - -[0m
[0mGET /api/contratos?limit=1 [36m304[0m 36.988 ms - -[0m
[0mGET /api/departamentos?limit=100 [36m304[0m 59.725 ms - -[0m
[0mGET /api/ferias?limit=1 [36m304[0m 63.536 ms - -[0m
[0mGET /api/contratos?limit=100 [36m304[0m 66.272 ms - -[0m
 POST /auth/login
[0mPOST /auth/login [32m200[0m 355.577 ms - 10516[0m
 GET /api/perfis
[0mGET /api/perfis [32m200[0m 28.586 ms - 5090[0m
 GET /api/perfis/6872b3b3-289d-4608-9cce-7f99024221d4
[0mGET /api/perfis/6872b3b3-289d-4608-9cce-7f99024221d4 [32m200[0m 8.049 ms - 1216[0m
 GET /api/perfis/3a94a1ac-9710-477d-ba6e-6e152bf70d5b
[0mGET /api/perfis/3a94a1ac-9710-477d-ba6e-6e152bf70d5b [32m200[0m 9.136 ms - 1443[0m
 GET /api/perfis/c2e855ee-7a7f-4165-b657-0528f910a408
[0mGET /api/perfis/c2e855ee-7a7f-4165-b657-0528f910a408 [32m200[0m 6.459 ms - 980[0m
 GET /api/perfis/e5d1ea96-5a9c-4a52-a434-ae2de802387c
[0mGET /api/perfis/e5d1ea96-5a9c-4a52-a434-ae2de802387c [32m200[0m 8.372 ms - 1043[0m
 GET /api/perfis/f4662a0a-de5b-4a4f-8e1b-6a6d03316686
[0mGET /api/perfis/f4662a0a-de5b-4a4f-8e1b-6a6d03316686 [32m200[0m 10.040 ms - 901[0m
 GET /api/perfis/73aa30e6-ddd9-4ed1-aa3d-eb9e7954f3a6
[0mGET /api/perfis/73aa30e6-ddd9-4ed1-aa3d-eb9e7954f3a6 [32m200[0m 9.726 ms - 923[0m
 GET /api/perfis/184394e8-c2a6-467b-9002-c7d48a987d88
[0mGET /api/perfis/184394e8-c2a6-467b-9002-c7d48a987d88 [32m200[0m 9.267 ms - 944[0m
 GET /api/perfis/aaafc682-7c54-4455-90c2-8fa96b6dd27a
[0mGET /api/perfis/aaafc682-7c54-4455-90c2-8fa96b6dd27a [32m200[0m 8.135 ms - 978[0m
 GET /api/perfis/d4cf8310-4ffe-439c-bbd8-b892f456b5ad
[0mGET /api/perfis/d4cf8310-4ffe-439c-bbd8-b892f456b5ad [32m200[0m 7.245 ms - 1141[0m
 GET /api/perfis/12be8e9c-3951-405d-aa14-ac2e34d92844
[0mGET /api/perfis/12be8e9c-3951-405d-aa14-ac2e34d92844 [32m200[0m 9.185 ms - 1114[0m
 GET /api/perfis/7ec06877-828e-4db7-9d69-888297ba6cd9
[0mGET /api/perfis/7ec06877-828e-4db7-9d69-888297ba6cd9 [32m200[0m 9.676 ms - 960[0m
 GET /api/perfis/a08750a2-e6cb-47e3-a5d1-7843a6039b8a
[0mGET /api/perfis/a08750a2-e6cb-47e3-a5d1-7843a6039b8a [32m200[0m 12.012 ms - 976[0m
 GET /api/perfis/d5f7717f-3e7e-4093-8548-9936d1b3bbf5
[0mGET /api/perfis/d5f7717f-3e7e-4093-8548-9936d1b3bbf5 [32m200[0m 11.066 ms - 1979[0m
 GET /api/notificacoes
[0mGET /api/notificacoes [36m304[0m 10.696 ms - -[0m
 GET /api/notificacoes
[0mGET /api/notificacoes [36m304[0m 7.379 ms - -[0m
 GET /api/notificacoes
[0mGET /api/notificacoes [36m304[0m 7.277 ms - -[0m
 GET /api/notificacoes
[0mGET /api/notificacoes [36m304[0m 6.290 ms - -[0m
 GET /api/notificacoes
[0mGET /api/notificacoes [36m304[0m 6.852 ms - -[0m
 GET /api/notificacoes
[0mGET /api/notificacoes [36m304[0m 10.325 ms - -[0m
 GET /api/notificacoes
[0mGET /api/notificacoes [36m304[0m 6.443 ms - -[0m
 GET /api/notificacoes
[0mGET /api/notificacoes [36m304[0m 8.624 ms - -[0m
 GET /api/notificacoes
[0mGET /api/notificacoes [36m304[0m 6.682 ms - -[0m
 GET /api/notificacoes
[0mGET /api/notificacoes [36m304[0m 6.345 ms - -[0m
 GET /api/notificacoes
[0mGET /api/notificacoes [36m304[0m 7.059 ms - -[0m
 GET /api/notificacoes
[0mGET /api/notificacoes [36m304[0m 6.368 ms - -[0m
 GET /api/notificacoes
[0mGET /api/notificacoes [36m304[0m 10.769 ms - -[0m
 GET /api/notificacoes
[0mGET /api/notificacoes [36m304[0m 6.398 ms - -[0m
 GET /api/notificacoes
[0mGET /api/notificacoes [36m304[0m 6.047 ms - -[0m
 GET /api/notificacoes
[0mGET /api/notificacoes [36m304[0m 6.419 ms - -[0m
 GET /api/notificacoes
[0mGET /api/notificacoes [36m304[0m 6.159 ms - -[0m
 GET /api/notificacoes
[0mGET /api/notificacoes [36m304[0m 7.212 ms - -[0m
 GET /api/notificacoes
[0mGET /api/notificacoes [36m304[0m 7.548 ms - -[0m
 GET /api/notificacoes
[0mGET /api/notificacoes [36m304[0m 7.601 ms - -[0m
 GET /api/notificacoes
[0mGET /api/notificacoes [36m304[0m 6.984 ms - -[0m
 GET /api/notificacoes
[0mGET /api/notificacoes [36m304[0m 7.585 ms - -[0m
 GET /api/notificacoes
[0mGET /api/notificacoes [36m304[0m 6.881 ms - -[0m
 GET /api/notificacoes
[0mGET /api/notificacoes [36m304[0m 6.518 ms - -[0m
 GET /api/notificacoes
[0mGET /api/notificacoes [36m304[0m 6.349 ms - -[0m
 GET /api/notificacoes
[0mGET /api/notificacoes [36m304[0m 6.648 ms - -[0m
 GET /api/notificacoes
[0mGET /api/notificacoes [36m304[0m 6.849 ms - -[0m
 GET /api/portal/stats
[0mGET /api/portal/stats [36m304[0m 37.282 ms - -[0m
 GET /api/portal/stats
[0mGET /api/portal/stats [36m304[0m 29.488 ms - -[0m
 GET /api/colaboradores?limit=1
 GET /api/contratos?limit=1
 GET /api/departamentos?limit=100
[0mGET /api/colaboradores?limit=1 [33m403[0m 28.626 ms - 156[0m
 GET /api/ferias?limit=1
 GET /api/departamentos?limit=1
 GET /api/contratos?limit=100
 GET /api/colaboradores?limit=1
[0mGET /api/departamentos?limit=100 [36m304[0m 79.365 ms - -[0m
[0mGET /api/ferias?limit=1 [36m304[0m 66.683 ms - -[0m
 GET /api/departamentos?limit=100
 GET /api/ferias?limit=1
[0mGET /api/contratos?limit=1 [36m304[0m 136.643 ms - -[0m
[0mGET /api/colaboradores?limit=1 [33m403[0m 79.077 ms - 156[0m
[0mGET /api/departamentos?limit=1 [36m304[0m 96.992 ms - -[0m
 GET /api/contratos?limit=1
[0mGET /api/contratos?limit=100 [36m304[0m 103.437 ms - -[0m
[0mGET /api/departamentos?limit=100 [36m304[0m 54.553 ms - -[0m
 GET /api/departamentos?limit=1
 GET /api/contratos?limit=100
[0mGET /api/ferias?limit=1 [36m304[0m 63.176 ms - -[0m
[0mGET /api/contratos?limit=1 [36m304[0m 34.758 ms - -[0m
[0mGET /api/departamentos?limit=1 [36m304[0m 22.607 ms - -[0m
[0mGET /api/contratos?limit=100 [36m304[0m 19.443 ms - -[0m
 POST /auth/login
[0mPOST /auth/login [32m200[0m 360.204 ms - 10516[0m
 GET /api/notificacoes
 GET /api/colaboradores?limit=1
 GET /api/contratos?limit=1
 GET /api/departamentos?limit=1
 GET /api/departamentos?limit=100
 GET /api/ferias?limit=1
[0mGET /api/colaboradores?limit=1 [32m200[0m 54.976 ms - 1216[0m
[0mGET /api/contratos?limit=1 [36m304[0m 63.210 ms - -[0m
 GET /api/contratos?limit=100
[0mGET /api/ferias?limit=1 [36m304[0m 52.020 ms - -[0m
[0mGET /api/notificacoes [32m200[0m 87.182 ms - 6105[0m
[0mGET /api/departamentos?limit=100 [36m304[0m 71.686 ms - -[0m
 GET /api/colaboradores?limit=1
[0mGET /api/departamentos?limit=1 [36m304[0m 88.560 ms - -[0m
 GET /api/contratos?limit=1
 GET /api/ferias?limit=1
[0mGET /api/contratos?limit=100 [36m304[0m 49.813 ms - -[0m
 GET /api/notificacoes
 GET /api/departamentos?limit=100
 GET /api/departamentos?limit=1
[0mGET /api/colaboradores?limit=1 [36m304[0m 77.109 ms - -[0m
[0mGET /api/ferias?limit=1 [36m304[0m 70.520 ms - -[0m
[0mGET /api/contratos?limit=1 [36m304[0m 78.097 ms - -[0m
 GET /api/contratos?limit=100
[0mGET /api/departamentos?limit=100 [36m304[0m 77.943 ms - -[0m
[0mGET /api/departamentos?limit=1 [36m304[0m 57.193 ms - -[0m
[0mGET /api/contratos?limit=100 [36m304[0m 32.434 ms - -[0m
[0mGET /api/notificacoes [36m304[0m 106.582 ms - -[0m
 GET /api/perfis
 GET /api/users?page=1&limit=15
[0mGET /api/users?page=1&limit=15 [32m200[0m 62.325 ms - 5946[0m
 GET /api/users?page=1&limit=15
[0mGET /api/perfis [36m304[0m 74.243 ms - -[0m
 GET /api/perfis
[0mGET /api/users?page=1&limit=15 [36m304[0m 20.729 ms - -[0m
[0mGET /api/perfis [36m304[0m 29.324 ms - -[0m
 GET /api/notificacoes
[0mGET /api/notificacoes [36m304[0m 12.826 ms - -[0m
 PUT /api/perfis/d4cf8310-4ffe-439c-bbd8-b892f456b5ad
[0mPUT /api/perfis/d4cf8310-4ffe-439c-bbd8-b892f456b5ad [32m200[0m 27.413 ms - 379[0m
 GET /api/perfis
[0mGET /api/perfis [32m200[0m 64.800 ms - 5111[0m
 GET /api/users?page=1&limit=15
[0mGET /api/users?page=1&limit=15 [36m304[0m 17.910 ms - -[0m
 GET /api/notificacoes
[0mGET /api/notificacoes [36m304[0m 11.316 ms - -[0m
 POST /auth/login
[0mPOST /auth/login [32m200[0m 314.878 ms - 11160[0m
 GET /api/colaboradores?limit=1
[0mGET /api/colaboradores?limit=1 [33m403[0m 3.365 ms - 156[0m
 GET /api/contratos?limit=1
[0mGET /api/contratos?limit=1 [32m200[0m 7.086 ms - 825[0m
 GET /api/departamentos?limit=1
[0mGET /api/departamentos?limit=1 [32m200[0m 4.712 ms - 1405[0m
 GET /api/ferias?limit=1
[0mGET /api/ferias?limit=1 [32m200[0m 7.931 ms - 76[0m
 GET /api/departamentos?limit=100
[0mGET /api/departamentos?limit=100 [32m200[0m 5.035 ms - 6032[0m
 GET /api/contratos?limit=100
[0mGET /api/contratos?limit=100 [32m200[0m 8.231 ms - 10382[0m
 POST /auth/login
[0mPOST /auth/login [32m200[0m 369.729 ms - 11160[0m
 GET /api/colaboradores?limit=1
 GET /api/notificacoes
 GET /api/contratos?limit=1
 GET /api/departamentos?limit=1
 GET /api/ferias?limit=1
 GET /api/departamentos?limit=100
[0mGET /api/colaboradores?limit=1 [33m403[0m 35.954 ms - 156[0m
 GET /api/contratos?limit=100
[0mGET /api/departamentos?limit=100 [36m304[0m 42.021 ms - -[0m
[0mGET /api/contratos?limit=1 [36m304[0m 65.566 ms - -[0m
[0mGET /api/departamentos?limit=1 [36m304[0m 61.184 ms - -[0m
[0mGET /api/notificacoes [32m200[0m 98.291 ms - 91[0m
[0mGET /api/ferias?limit=1 [36m304[0m 80.759 ms - -[0m
 GET /api/colaboradores?limit=1
 GET /api/departamentos?limit=100
 GET /api/contratos?limit=1
[0mGET /api/contratos?limit=100 [36m304[0m 66.545 ms - -[0m
 GET /api/departamentos?limit=1
 GET /api/notificacoes
[0mGET /api/colaboradores?limit=1 [33m403[0m 33.936 ms - 156[0m
 GET /api/ferias?limit=1
 GET /api/contratos?limit=100
[0mGET /api/departamentos?limit=100 [36m304[0m 59.552 ms - -[0m
[0mGET /api/departamentos?limit=1 [36m304[0m 58.507 ms - -[0m
[0mGET /api/contratos?limit=1 [36m304[0m 68.400 ms - -[0m
[0mGET /api/ferias?limit=1 [36m304[0m 44.495 ms - -[0m
[0mGET /api/notificacoes [36m304[0m 68.140 ms - -[0m
[0mGET /api/contratos?limit=100 [36m304[0m 39.208 ms - -[0m
 GET /api/notificacoes
[0mGET /api/notificacoes [36m304[0m 8.672 ms - -[0m
 GET /api/notificacoes
[0mGET /api/notificacoes [36m304[0m 6.822 ms - -[0m
 GET /api/notificacoes
[0mGET /api/notificacoes [36m304[0m 7.442 ms - -[0m
 GET /api/notificacoes
[0mGET /api/notificacoes [36m304[0m 7.773 ms - -[0m
 GET /api/notificacoes
[0mGET /api/notificacoes [36m304[0m 8.828 ms - -[0m
 GET /api/notificacoes
[0mGET /api/notificacoes [36m304[0m 7.041 ms - -[0m
 GET /api/notificacoes
[0mGET /api/notificacoes [36m304[0m 7.367 ms - -[0m
 GET /api/notificacoes
[0mGET /api/notificacoes [36m304[0m 10.249 ms - -[0m
 GET /api/notificacoes
[0mGET /api/notificacoes [36m304[0m 9.175 ms - -[0m
 GET /api/notificacoes
[0mGET /api/notificacoes [36m304[0m 6.044 ms - -[0m
 GET /api/ferias?page=1&limit=15
 GET /api/colaboradores?limit=200
[0mGET /api/colaboradores?limit=200 [33m403[0m 17.063 ms - 156[0m
[0mGET /api/ferias?page=1&limit=15 [36m304[0m 23.838 ms - -[0m
 GET /api/colaboradores?limit=200
 GET /api/ferias?page=1&limit=15
[0mGET /api/colaboradores?limit=200 [33m403[0m 14.852 ms - 156[0m
[0mGET /api/ferias?page=1&limit=15 [36m304[0m 21.464 ms - -[0m
 GET /api/colaboradores?limit=1
 GET /auth/profile
[0mGET /api/colaboradores?limit=1 [33m403[0m 13.622 ms - 156[0m
[0mGET /auth/profile [32m200[0m 15.426 ms - 10572[0m
 GET /api/colaboradores?limit=1
 GET /auth/profile
[0mGET /api/colaboradores?limit=1 [33m403[0m 12.493 ms - 156[0m
[0mGET /auth/profile [36m304[0m 13.059 ms - -[0m
 GET /api/notificacoes
[0mGET /api/notificacoes [36m304[0m 12.025 ms - -[0m
 GET /api/colaboradores?limit=1
 GET /api/departamentos?limit=1
 GET /api/contratos?limit=1
 GET /api/ferias?limit=1
 GET /api/departamentos?limit=100
 GET /api/contratos?limit=100
[0mGET /api/colaboradores?limit=1 [33m403[0m 39.897 ms - 156[0m
[0mGET /api/departamentos?limit=1 [36m304[0m 62.520 ms - -[0m
 GET /api/colaboradores?limit=1
[0mGET /api/contratos?limit=1 [36m304[0m 57.836 ms - -[0m
 GET /api/departamentos?limit=1
[0mGET /api/ferias?limit=1 [36m304[0m 59.066 ms - -[0m
[0mGET /api/departamentos?limit=100 [36m304[0m 52.950 ms - -[0m
 GET /api/contratos?limit=1
 GET /api/ferias?limit=1
[0mGET /api/contratos?limit=100 [36m304[0m 63.092 ms - -[0m
[0mGET /api/colaboradores?limit=1 [33m403[0m 40.047 ms - 156[0m
 GET /api/departamentos?limit=100
 GET /api/contratos?limit=100
[0mGET /api/departamentos?limit=1 [36m304[0m 49.118 ms - -[0m
[0mGET /api/ferias?limit=1 [36m304[0m 52.350 ms - -[0m
[0mGET /api/contratos?limit=1 [36m304[0m 55.584 ms - -[0m
[0mGET /api/departamentos?limit=100 [36m304[0m 43.973 ms - -[0m
[0mGET /api/contratos?limit=100 [36m304[0m 43.185 ms - -[0m
 POST /auth/login
[0mPOST /auth/login [32m200[0m 367.409 ms - 10516[0m
 GET /api/notificacoes
 GET /api/colaboradores?limit=1
 GET /api/contratos?limit=1
 GET /api/departamentos?limit=1
 GET /api/ferias?limit=1
 GET /api/departamentos?limit=100
[0mGET /api/colaboradores?limit=1 [32m200[0m 72.300 ms - 1216[0m
[0mGET /api/contratos?limit=1 [36m304[0m 82.960 ms - -[0m
[0mGET /api/departamentos?limit=1 [36m304[0m 79.483 ms - -[0m
 GET /api/contratos?limit=100
[0mGET /api/notificacoes [32m200[0m 117.658 ms - 6105[0m
[0mGET /api/ferias?limit=1 [36m304[0m 86.487 ms - -[0m
[0mGET /api/departamentos?limit=100 [36m304[0m 89.326 ms - -[0m
 GET /api/colaboradores?limit=1
 GET /api/contratos?limit=1
 GET /api/departamentos?limit=1
 GET /api/notificacoes
 GET /api/ferias?limit=1
[0mGET /api/colaboradores?limit=1 [36m304[0m 67.475 ms - -[0m
[0mGET /api/contratos?limit=100 [36m304[0m 100.752 ms - -[0m
[0mGET /api/contratos?limit=1 [36m304[0m 87.371 ms - -[0m
 GET /api/departamentos?limit=100
[0mGET /api/ferias?limit=1 [36m304[0m 73.413 ms - -[0m
 GET /api/contratos?limit=100
[0mGET /api/departamentos?limit=1 [36m304[0m 89.308 ms - -[0m
[0mGET /api/notificacoes [36m304[0m 95.364 ms - -[0m
[0mGET /api/departamentos?limit=100 [36m304[0m 30.067 ms - -[0m
[0mGET /api/contratos?limit=100 [36m304[0m 29.115 ms - -[0m
 GET /api/colaboradores?limit=200
 GET /api/ocorrencias?page=1&limit=15
[0mGET /api/colaboradores?limit=200 [32m200[0m 31.652 ms - 15136[0m
[0mGET /api/ocorrencias?page=1&limit=15 [36m304[0m 31.155 ms - -[0m
 GET /api/colaboradores?limit=200
 GET /api/ocorrencias?page=1&limit=15
[0mGET /api/colaboradores?limit=200 [36m304[0m 24.427 ms - -[0m
[0mGET /api/ocorrencias?page=1&limit=15 [36m304[0m 22.219 ms - -[0m
 GET /api/pdf/aviso-advertencia/9ea4d1d7-e80c-4109-aaa4-0cd3cf3da7b7?descricao=teste&numero=OD-2026-0001
[0mGET /api/pdf/aviso-advertencia/9ea4d1d7-e80c-4109-aaa4-0cd3cf3da7b7?descricao=teste&numero=OD-2026-0001 [32m200[0m 71.342 ms - -[0m
 GET /api/ocorrencias?page=1&limit=15
[0mGET /api/ocorrencias?page=1&limit=15 [36m304[0m 10.959 ms - -[0m
 GET /api/ocorrencias?page=1&limit=15
[0mGET /api/ocorrencias?page=1&limit=15 [36m304[0m 5.711 ms - -[0m
 GET /api/notificacoes
[0mGET /api/notificacoes [36m304[0m 6.567 ms - -[0m
 GET /api/notificacoes
[0mGET /api/notificacoes [36m304[0m 8.296 ms - -[0m
 GET /api/notificacoes
[0mGET /api/notificacoes [36m304[0m 6.874 ms - -[0m
 POST /api/ocorrencias
[0mPOST /api/ocorrencias [32m201[0m 48.623 ms - 649[0m
 GET /api/ocorrencias?page=1&limit=15
[0mGET /api/ocorrencias?page=1&limit=15 [32m200[0m 14.362 ms - 1264[0m
 GET /api/ocorrencias?page=1&limit=15
[0mGET /api/ocorrencias?page=1&limit=15 [36m304[0m 14.830 ms - -[0m
 GET /api/ocorrencias?page=1&limit=15
[0mGET /api/ocorrencias?page=1&limit=15 [36m304[0m 14.455 ms - -[0m
 PUT /api/ocorrencias/85eb0c2a-b96e-481e-8eae-334bfbb34b5d
[0mPUT /api/ocorrencias/85eb0c2a-b96e-481e-8eae-334bfbb34b5d [32m200[0m 25.048 ms - 651[0m
 GET /api/ocorrencias?page=1&limit=15
[0mGET /api/ocorrencias?page=1&limit=15 [32m200[0m 21.505 ms - 1264[0m
 GET /api/ocorrencias?page=1&limit=15
[0mGET /api/ocorrencias?page=1&limit=15 [36m304[0m 19.492 ms - -[0m
 GET /api/pdf/aviso-advertencia/75717e7a-88f3-4f5a-bc50-e3c746e39533?descricao=teste&numero=OD-2026-0002
[0mGET /api/pdf/aviso-advertencia/75717e7a-88f3-4f5a-bc50-e3c746e39533?descricao=teste&numero=OD-2026-0002 [32m200[0m 34.874 ms - -[0m
 GET /api/ocorrencias?page=1&limit=15
[0mGET /api/ocorrencias?page=1&limit=15 [36m304[0m 12.763 ms - -[0m
 GET /api/ocorrencias?page=1&limit=15
[0mGET /api/ocorrencias?page=1&limit=15 [36m304[0m 14.851 ms - -[0m
 GET /api/notificacoes
 GET /api/ocorrencias?page=1&limit=15
[0mGET /api/notificacoes [36m304[0m 13.701 ms - -[0m
[0mGET /api/ocorrencias?page=1&limit=15 [36m304[0m 10.602 ms - -[0m
 GET /api/notificacoes
[0mGET /api/notificacoes [36m304[0m 8.177 ms - -[0m
 GET /api/notificacoes
[0mGET /api/notificacoes [36m304[0m 8.373 ms - -[0m
 GET /api/notificacoes
[0mGET /api/notificacoes [36m304[0m 7.655 ms - -[0m
 GET /api/notificacoes
[0mGET /api/notificacoes [36m304[0m 8.520 ms - -[0m
 GET /api/notificacoes
[0mGET /api/notificacoes [36m304[0m 6.293 ms - -[0m
 GET /api/notificacoes
[0mGET /api/notificacoes [36m304[0m 7.738 ms - -[0m
 GET /api/notificacoes
[0mGET /api/notificacoes [36m304[0m 7.853 ms - -[0m
 GET /api/notificacoes
[0mGET /api/notificacoes [36m304[0m 7.003 ms - -[0m
 GET /api/notificacoes
[0mGET /api/notificacoes [36m304[0m 12.169 ms - -[0m
 GET /api/notificacoes
[0mGET /api/notificacoes [36m304[0m 6.048 ms - -[0m
 GET /api/notificacoes
[0mGET /api/notificacoes [36m304[0m 8.701 ms - -[0m
 GET /api/notificacoes
[0mGET /api/notificacoes [36m304[0m 7.995 ms - -[0m
 POST /auth/login
[0mPOST /auth/login [32m200[0m 320.187 ms - 10516[0m
 GET /api/perfis
[0mGET /api/perfis [32m200[0m 31.682 ms - 5111[0m
 PUT /api/perfis/d5f7717f-3e7e-4093-8548-9936d1b3bbf5
[0mPUT /api/perfis/d5f7717f-3e7e-4093-8548-9936d1b3bbf5 [32m200[0m 10.944 ms - 269[0m
 POST /auth/login
[0mPOST /auth/login [32m200[0m 328.498 ms - 10950[0m
 GET /api/notificacoes
[0mGET /api/notificacoes [36m304[0m 8.693 ms - -[0m
 POST /auth/login
[0mPOST /auth/login [32m200[0m 361.176 ms - 10516[0m
 GET /api/perfis
[0mGET /api/perfis [32m200[0m 22.895 ms - 5041[0m
 PUT /api/perfis/d5f7717f-3e7e-4093-8548-9936d1b3bbf5
[0mPUT /api/perfis/d5f7717f-3e7e-4093-8548-9936d1b3bbf5 [32m200[0m 10.114 ms - 339[0m
 POST /auth/login
[0mPOST /auth/login [32m200[0m 336.346 ms - 11160[0m
 GET /api/notificacoes
[0mGET /api/notificacoes [36m304[0m 20.372 ms - -[0m
 GET /api/notificacoes
[0mGET /api/notificacoes [36m304[0m 7.084 ms - -[0m
 GET /api/notificacoes
[0mGET /api/notificacoes [36m304[0m 7.076 ms - -[0m
 GET /api/notificacoes
[0mGET /api/notificacoes [36m304[0m 6.005 ms - -[0m
 POST /api/ocorrencias
[0mPOST /api/ocorrencias [32m201[0m 30.672 ms - 640[0m
 GET /api/ocorrencias?page=1&limit=15
[0mGET /api/ocorrencias?page=1&limit=15 [32m200[0m 18.666 ms - 1848[0m
 GET /api/ocorrencias?page=1&limit=15
[0mGET /api/ocorrencias?page=1&limit=15 [36m304[0m 15.165 ms - -[0m
 GET /api/notificacoes
[0mGET /api/notificacoes [36m304[0m 9.894 ms - -[0m
 GET /api/ocorrencias?page=1&limit=15
[0mGET /api/ocorrencias?page=1&limit=15 [36m304[0m 9.846 ms - -[0m
 GET /api/pdf/aviso-advertencia/d2ffef4c-cbc6-4d0b-af01-ae7178c1ffd2?descricao=Teste&numero=OD-2026-0003
[0mGET /api/pdf/aviso-advertencia/d2ffef4c-cbc6-4d0b-af01-ae7178c1ffd2?descricao=Teste&numero=OD-2026-0003 [32m200[0m 34.080 ms - -[0m
 GET /api/ocorrencias?page=1&limit=15
[0mGET /api/ocorrencias?page=1&limit=15 [36m304[0m 16.628 ms - -[0m
 GET /api/ocorrencias?page=1&limit=15
[0mGET /api/ocorrencias?page=1&limit=15 [36m304[0m 23.125 ms - -[0m
 GET /api/notificacoes
[0mGET /api/notificacoes [36m304[0m 9.803 ms - -[0m
 GET /api/notificacoes
[0mGET /api/notificacoes [36m304[0m 9.706 ms - -[0m
 GET /api/notificacoes
[0mGET /api/notificacoes [36m304[0m 8.273 ms - -[0m
 GET /api/ocorrencias?page=1&limit=15
[0mGET /api/ocorrencias?page=1&limit=15 [36m304[0m 24.486 ms - -[0m
 GET /api/notificacoes
[0mGET /api/notificacoes [36m304[0m 5.986 ms - -[0m
 GET /api/notificacoes
[0mGET /api/notificacoes [36m304[0m 18.870 ms - -[0m
 GET /api/contratos?limit=1&estado=Activo
 GET /api/colaboradores?limit=1
 GET /api/departamentos?limit=1
 GET /api/departamentos?limit=100
 GET /api/ferias?limit=1
 GET /api/contratos?limit=100
[0mGET /api/contratos?limit=1&estado=Activo [32m200[0m 106.231 ms - 825[0m
[0mGET /api/colaboradores?limit=1 [36m304[0m 117.374 ms - -[0m
 GET /api/contratos?limit=1&estado=Activo
 GET /api/colaboradores?limit=1
[0mGET /api/departamentos?limit=1 [36m304[0m 151.601 ms - -[0m
[0mGET /api/departamentos?limit=100 [36m304[0m 147.415 ms - -[0m
[0mGET /api/contratos?limit=100 [36m304[0m 120.590 ms - -[0m
 GET /api/departamentos?limit=1
[0mGET /api/ferias?limit=1 [36m304[0m 138.811 ms - -[0m
 GET /api/departamentos?limit=100
[0mGET /api/contratos?limit=1&estado=Activo [36m304[0m 77.849 ms - -[0m
 GET /api/contratos?limit=100
 GET /api/ferias?limit=1
[0mGET /api/colaboradores?limit=1 [36m304[0m 86.872 ms - -[0m
[0mGET /api/departamentos?limit=1 [36m304[0m 53.682 ms - -[0m
[0mGET /api/departamentos?limit=100 [36m304[0m 52.005 ms - -[0m
[0mGET /api/contratos?limit=100 [36m304[0m 30.404 ms - -[0m
[0mGET /api/ferias?limit=1 [36m304[0m 30.418 ms - -[0m
 GET /api/notificacoes
[0mGET /api/notificacoes [36m304[0m 7.651 ms - -[0m
 GET /api/perfis
 GET /api/users?page=1&limit=15
[0mGET /api/users?page=1&limit=15 [32m200[0m 45.082 ms - 5946[0m
 GET /api/users?page=1&limit=15
[0mGET /api/perfis [32m200[0m 62.121 ms - 5111[0m
 GET /api/perfis
[0mGET /api/users?page=1&limit=15 [36m304[0m 26.455 ms - -[0m
[0mGET /api/perfis [36m304[0m 46.913 ms - -[0m
 GET /api/colaboradores?limit=1
 GET /api/departamentos?limit=1
 GET /api/contratos?limit=1&estado=Activo
 GET /api/ferias?limit=1
 GET /api/departamentos?limit=100
 GET /api/contratos?limit=100
[0mGET /api/colaboradores?limit=1 [36m304[0m 72.133 ms - -[0m
[0mGET /api/contratos?limit=1&estado=Activo [36m304[0m 80.088 ms - -[0m
[0mGET /api/departamentos?limit=1 [36m304[0m 95.781 ms - -[0m
 GET /api/colaboradores?limit=1
[0mGET /api/ferias?limit=1 [36m304[0m 79.481 ms - -[0m
[0mGET /api/departamentos?limit=100 [36m304[0m 77.507 ms - -[0m
 GET /api/contratos?limit=1&estado=Activo
[0mGET /api/contratos?limit=100 [36m304[0m 80.402 ms - -[0m
 GET /api/departamentos?limit=1
 GET /api/ferias?limit=1
 GET /api/departamentos?limit=100
 GET /api/contratos?limit=100
[0mGET /api/colaboradores?limit=1 [36m304[0m 68.004 ms - -[0m
[0mGET /api/departamentos?limit=1 [36m304[0m 61.006 ms - -[0m
[0mGET /api/contratos?limit=1&estado=Activo [36m304[0m 80.243 ms - -[0m
[0mGET /api/ferias?limit=1 [36m304[0m 54.194 ms - -[0m
[0mGET /api/departamentos?limit=100 [36m304[0m 52.266 ms - -[0m
[0mGET /api/contratos?limit=100 [36m304[0m 47.094 ms - -[0m
 GET /api/notificacoes
[0mGET /api/notificacoes [36m304[0m 9.437 ms - -[0m
 GET /api/colaboradores?limit=200
 GET /api/ocorrencias?page=1&limit=15
[0mGET /api/colaboradores?limit=200 [36m304[0m 32.998 ms - -[0m
[0mGET /api/ocorrencias?page=1&limit=15 [36m304[0m 31.524 ms - -[0m
 GET /api/colaboradores?limit=200
 GET /api/ocorrencias?page=1&limit=15
[0mGET /api/colaboradores?limit=200 [36m304[0m 26.349 ms - -[0m
[0mGET /api/ocorrencias?page=1&limit=15 [36m304[0m 25.553 ms - -[0m
 GET /api/notificacoes
[0mGET /api/notificacoes [36m304[0m 7.844 ms - -[0m
 GET /api/colaboradores?limit=1
 GET /api/contratos?limit=1&estado=Activo
 GET /api/departamentos?limit=1
 GET /api/ferias?limit=1
 GET /api/departamentos?limit=100
 GET /api/contratos?limit=100
[0mGET /api/colaboradores?limit=1 [36m304[0m 66.355 ms - -[0m
[0mGET /api/contratos?limit=1&estado=Activo [36m304[0m 61.150 ms - -[0m
[0mGET /api/departamentos?limit=100 [36m304[0m 56.695 ms - -[0m
[0mGET /api/departamentos?limit=1 [36m304[0m 68.806 ms - -[0m
 GET /api/colaboradores?limit=1
[0mGET /api/ferias?limit=1 [36m304[0m 72.997 ms - -[0m
 GET /api/contratos?limit=1&estado=Activo
[0mGET /api/contratos?limit=100 [36m304[0m 73.524 ms - -[0m
 GET /api/departamentos?limit=100
 GET /api/departamentos?limit=1
 GET /api/ferias?limit=1
 GET /api/contratos?limit=100
[0mGET /api/colaboradores?limit=1 [36m304[0m 67.767 ms - -[0m
[0mGET /api/contratos?limit=1&estado=Activo [36m304[0m 64.392 ms - -[0m
[0mGET /api/departamentos?limit=100 [36m304[0m 60.891 ms - -[0m
[0mGET /api/ferias?limit=1 [36m304[0m 50.663 ms - -[0m
[0mGET /api/departamentos?limit=1 [36m304[0m 64.083 ms - -[0m
[0mGET /api/contratos?limit=100 [36m304[0m 35.536 ms - -[0m
 GET /api/perfis
 GET /api/users?page=1&limit=15
[0mGET /api/users?page=1&limit=15 [36m304[0m 33.671 ms - -[0m
[0mGET /api/perfis [36m304[0m 40.689 ms - -[0m
 GET /api/users?page=1&limit=15
 GET /api/perfis
[0mGET /api/users?page=1&limit=15 [36m304[0m 27.265 ms - -[0m
[0mGET /api/perfis [36m304[0m 39.154 ms - -[0m
 GET /api/notificacoes
[0mGET /api/notificacoes [36m304[0m 7.756 ms - -[0m
 GET /api/notificacoes
[0mGET /api/notificacoes [36m304[0m 9.505 ms - -[0m
 GET /api/notificacoes
[0mGET /api/notificacoes [36m304[0m 11.029 ms - -[0m
 GET /api/notificacoes
[0mGET /api/notificacoes [36m304[0m 6.729 ms - -[0m
 GET /api/notificacoes
[0mGET /api/notificacoes [36m304[0m 20.167 ms - -[0m
 GET /api/users?page=1&limit=15
[0mGET /api/users?page=1&limit=15 [36m304[0m 28.296 ms - -[0m
 PUT /api/perfis/d4cf8310-4ffe-439c-bbd8-b892f456b5ad
[0mPUT /api/perfis/d4cf8310-4ffe-439c-bbd8-b892f456b5ad [32m200[0m 19.701 ms - 422[0m
 GET /api/perfis
 GET /api/users?page=1&limit=15
[0mGET /api/perfis [32m200[0m 105.374 ms - 5154[0m
[0mGET /api/users?page=1&limit=15 [36m304[0m 24.912 ms - -[0m
 GET /api/users?page=1&limit=15
[0mGET /api/users?page=1&limit=15 [36m304[0m 12.656 ms - -[0m
 GET /api/users?page=1&limit=15
[0mGET /api/users?page=1&limit=15 [36m304[0m 19.749 ms - -[0m
 GET /api/notificacoes
[0mGET /api/notificacoes [36m304[0m 10.684 ms - -[0m
 GET /api/users?page=1&limit=15
[0mGET /api/users?page=1&limit=15 [36m304[0m 24.510 ms - -[0m
 GET /api/notificacoes
[0mGET /api/notificacoes [36m304[0m 6.681 ms - -[0m
 PUT /api/users/67a77cfc-22c0-4dbd-8449-3a5859e61172
[0mPUT /api/users/67a77cfc-22c0-4dbd-8449-3a5859e61172 [32m200[0m 41.671 ms - 937[0m
 GET /api/users?page=1&limit=15
 GET /api/perfis
[0mGET /api/users?page=1&limit=15 [32m200[0m 113.799 ms - 6022[0m
 GET /api/users?page=1&limit=15
[0mGET /api/perfis [32m200[0m 183.767 ms - 5154[0m
[0mGET /api/users?page=1&limit=15 [36m304[0m 41.640 ms - -[0m
 GET /api/users?page=1&limit=15
[0mGET /api/users?page=1&limit=15 [36m304[0m 12.034 ms - -[0m
 GET /api/notificacoes
 GET /api/perfis
 GET /api/users?page=1&limit=15
[0mGET /api/users?page=1&limit=15 [36m304[0m 94.506 ms - -[0m
[0mGET /api/notificacoes [36m304[0m 132.761 ms - -[0m
 GET /api/users?page=1&limit=15
 GET /api/notificacoes
[0mGET /api/perfis [36m304[0m 201.431 ms - -[0m
 GET /api/perfis
[0mGET /api/users?page=1&limit=15 [36m304[0m 72.075 ms - -[0m
[0mGET /api/notificacoes [36m304[0m 76.862 ms - -[0m
[0mGET /api/perfis [36m304[0m 65.657 ms - -[0m
 POST /auth/login
[0mPOST /auth/login [33m401[0m 379.232 ms - 53[0m
 POST /auth/login
[0mPOST /auth/login [32m200[0m 384.615 ms - 11246[0m
 GET /api/notificacoes
 GET /api/colaboradores?limit=1
 GET /api/folha-salarial/pagamentos?limit=1&mes=9&ano=2026
 GET /api/ferias?limit=1
 GET /api/portal/stats
[0mGET /api/colaboradores?limit=1 [33m403[0m 42.109 ms - 156[0m
 GET /api/colaboradores?limit=1
[0mGET /api/folha-salarial/pagamentos?limit=1&mes=9&ano=2026 [32m200[0m 101.119 ms - 76[0m
[0mGET /api/ferias?limit=1 [36m304[0m 96.561 ms - -[0m
[0mGET /api/notificacoes [32m200[0m 119.115 ms - 91[0m
[0mGET /api/colaboradores?limit=1 [33m403[0m 28.021 ms - 156[0m
 GET /api/folha-salarial/pagamentos?limit=1&mes=9&ano=2026
 GET /api/ferias?limit=1
 GET /api/notificacoes
[0mGET /api/folha-salarial/pagamentos?limit=1&mes=9&ano=2026 [36m304[0m 53.440 ms - -[0m
[0mGET /api/ferias?limit=1 [36m304[0m 41.846 ms - -[0m
[0mGET /api/notificacoes [36m304[0m 44.734 ms - -[0m
[0mGET /api/portal/stats [36m304[0m 187.861 ms - -[0m
 GET /api/portal/stats
[0mGET /api/portal/stats [36m304[0m 47.410 ms - -[0m
 GET /api/notificacoes
[0mGET /api/notificacoes [36m304[0m 7.946 ms - -[0m
 GET /api/notificacoes
[0mGET /api/notificacoes [36m304[0m 7.570 ms - -[0m
 GET /api/colaboradores?page=1&limit=15
[0mGET /api/colaboradores?page=1&limit=15 [33m403[0m 9.750 ms - 156[0m
 GET /api/colaboradores?page=1&limit=15
[0mGET /api/colaboradores?page=1&limit=15 [33m403[0m 11.487 ms - 156[0m
 GET /api/portal/stats
[0mGET /api/portal/stats [36m304[0m 45.681 ms - -[0m
 GET /api/portal/stats
[0mGET /api/portal/stats [36m304[0m 33.202 ms - -[0m
 GET /api/notificacoes
[0mGET /api/notificacoes [36m304[0m 6.575 ms - -[0m
 GET /api/notificacoes
[0mGET /api/notificacoes [36m304[0m 6.509 ms - -[0m
 GET /api/portal/stats
[0mGET /api/portal/stats [36m304[0m 16.539 ms - -[0m
 GET /api/notificacoes
[0mGET /api/notificacoes [36m304[0m 5.464 ms - -[0m
 GET /api/notificacoes
[0mGET /api/notificacoes [36m304[0m 14.738 ms - -[0m
 GET /api/colaboradores?limit=1
 GET /api/ferias?limit=1
 GET /api/folha-salarial/pagamentos?limit=1&mes=9&ano=2026
 GET /api/portal/stats
[0mGET /api/colaboradores?limit=1 [33m403[0m 36.248 ms - 156[0m
 GET /api/colaboradores?limit=1
[0mGET /api/ferias?limit=1 [36m304[0m 75.778 ms - -[0m
[0mGET /api/folha-salarial/pagamentos?limit=1&mes=9&ano=2026 [36m304[0m 81.336 ms - -[0m
 GET /api/ferias?limit=1
[0mGET /api/colaboradores?limit=1 [33m403[0m 41.703 ms - 156[0m
 GET /api/folha-salarial/pagamentos?limit=1&mes=9&ano=2026
[0mGET /api/ferias?limit=1 [36m304[0m 68.169 ms - -[0m
[0mGET /api/folha-salarial/pagamentos?limit=1&mes=9&ano=2026 [36m304[0m 41.550 ms - -[0m
[0mGET /api/portal/stats [36m304[0m 181.113 ms - -[0m
 GET /api/portal/stats
[0mGET /api/portal/stats [36m304[0m 34.012 ms - -[0m
